import 'someverylongname';
import 'zoo';

import a    from 'abc';
import x, y from 'xyz';

